Microsoft Windows [Version 10.0.22621.1265]
(c) Microsoft Corporation. All rights reserved.

D:\Dina>pip install list
ERROR: Could not find a version that satisfies the requirement list (from versions: none)
ERROR: No matching distribution found for list

[notice] A new release of pip available: 22.3.1 -> 23.0.1
[notice] To update, run: C:\Users\bagan\AppData\Local\Microsoft\WindowsApps\PythonSoftwareFoundation.Python.3.10_qbz5n2kfra8p0\python.exe -m pip install --upgrade pip

D:\Dina>pip list
Package           Version
----------------- ----------
atomicwrites      1.4.0
attrs             21.2.0
black             21.11b1
cffi              1.15.0
click             8.0.3
colorama          0.4.4
distlib           0.3.6
env               0.1.0
filelock          3.9.0
Flask             2.2.3
iniconfig         1.1.1
itsdangerous      2.1.2
Jinja2            3.1.2
MarkupSafe        2.1.2
msgpack           1.0.3
mypy              0.910
mypy-extensions   0.4.3
packaging         21.3
pathspec          0.9.0
platformdirs      2.4.0
pluggy            1.0.0
py                1.11.0
py-algorand-sdk   1.8.0
pycparser         2.21
pycryptodomex     3.11.0
PyNaCl            1.4.0
pyparsing         3.0.6
pyteal            0.9.1
pytest            6.2.5
regex             2021.11.10
six               1.16.0
toml              0.10.2
tomli             1.2.2
typing_extensions 4.0.1
virtualenv        20.19.0
Werkzeug          2.2.3

[notice] A new release of pip available: 22.3.1 -> 23.0.1
[notice] To update, run: C:\Users\bagan\AppData\Local\Microsoft\WindowsApps\PythonSoftwareFoundation.Python.3.10_qbz5n2kfra8p0\python.exe -m pip install --upgrade pip

D:\Dina>pip install flask_mail
Collecting flask_mail
  Downloading Flask-Mail-0.9.1.tar.gz (45 kB)
     ━━━━━━━━━━━━━━━━━━━━━━━━━━━━━━━━━━━━━━━━ 45.7/45.7 kB 1.1 MB/s eta 0:00:00
  Preparing metadata (setup.py) ... done
Requirement already satisfied: Flask in c:\users\bagan\appdata\local\packages\pythonsoftwarefoundation.python.3.10_qbz5n2kfra8p0\localcache\local-packages\python310\site-packages (from flask_mail) (2.2.3)
Collecting blinker
  Downloading blinker-1.5-py2.py3-none-any.whl (12 kB)
Requirement already satisfied: click>=8.0 in c:\users\bagan\appdata\local\packages\pythonsoftwarefoundation.python.3.10_qbz5n2kfra8p0\localcache\local-packages\python310\site-packages (from Flask->flask_mail) (8.0.3)
Requirement already satisfied: Jinja2>=3.0 in c:\users\bagan\appdata\local\packages\pythonsoftwarefoundation.python.3.10_qbz5n2kfra8p0\localcache\local-packages\python310\site-packages (from Flask->flask_mail) (3.1.2)
Requirement already satisfied: itsdangerous>=2.0 in c:\users\bagan\appdata\local\packages\pythonsoftwarefoundation.python.3.10_qbz5n2kfra8p0\localcache\local-packages\python310\site-packages (from Flask->flask_mail) (2.1.2)
Requirement already satisfied: Werkzeug>=2.2.2 in c:\users\bagan\appdata\local\packages\pythonsoftwarefoundation.python.3.10_qbz5n2kfra8p0\localcache\local-packages\python310\site-packages (from Flask->flask_mail) (2.2.3)
Requirement already satisfied: colorama in c:\users\bagan\appdata\local\packages\pythonsoftwarefoundation.python.3.10_qbz5n2kfra8p0\localcache\local-packages\python310\site-packages (from click>=8.0->Flask->flask_mail) (0.4.4)
Requirement already satisfied: MarkupSafe>=2.0 in c:\users\bagan\appdata\local\packages\pythonsoftwarefoundation.python.3.10_qbz5n2kfra8p0\localcache\local-packages\python310\site-packages (from Jinja2>=3.0->Flask->flask_mail) (2.1.2)
Installing collected packages: blinker, flask_mail
  DEPRECATION: flask_mail is being installed using the legacy 'setup.py install' method, because it does not have a 'pyproject.toml' and the 'wheel' package is not installed. pip 23.1 will enforce this behaviour change. A possible replacement is to enable the '--use-pep517' option. Discussion can be found at https://github.com/pypa/pip/issues/8559
  Running setup.py install for flask_mail ... done
Successfully installed blinker-1.5 flask_mail-0.9.1

[notice] A new release of pip available: 22.3.1 -> 23.0.1
[notice] To update, run: C:\Users\bagan\AppData\Local\Microsoft\WindowsApps\PythonSoftwareFoundation.Python.3.10_qbz5n2kfra8p0\python.exe -m pip install --upgrade pip

D:\Dina>-m pip install --upgrade pip
'-m' is not recognized as an internal or external command,
operable program or batch file.

D:\Dina>pip install --upgrade pip
Requirement already satisfied: pip in c:\program files\windowsapps\pythonsoftwarefoundation.python.3.10_3.10.2800.0_x64__qbz5n2kfra8p0\lib\site-packages (22.3.1)
Collecting pip
  Downloading pip-23.0.1-py3-none-any.whl (2.1 MB)
     ━━━━━━━━━━━━━━━━━━━━━━━━━━━━━━━━━━━━━━━━ 2.1/2.1 MB 3.2 MB/s eta 0:00:00
Installing collected packages: pip
  WARNING: The scripts pip.exe, pip3.10.exe and pip3.exe are installed in 'C:\Users\bagan\AppData\Local\Packages\PythonSoftwareFoundation.Python.3.10_qbz5n2kfra8p0\LocalCache\local-packages\Python310\Scripts' which is not on PATH.
  Consider adding this directory to PATH or, if you prefer to suppress this warning, use --no-warn-script-location.
Successfully installed pip-23.0.1

[notice] A new release of pip available: 22.3.1 -> 23.0.1
[notice] To update, run: C:\Users\bagan\AppData\Local\Microsoft\WindowsApps\PythonSoftwareFoundation.Python.3.10_qbz5n2kfra8p0\python.exe -m pip install --upgrade pip

D:\Dina>pip install mysql-connector
Collecting mysql-connector
  Downloading mysql-connector-2.2.9.tar.gz (11.9 MB)
     ━━━━━━━━━━━━━━━━━━━━━━━━━━━━━━━━━━━━━━━━ 11.9/11.9 MB 4.4 MB/s eta 0:00:00
  Preparing metadata (setup.py) ... done
Installing collected packages: mysql-connector
  DEPRECATION: mysql-connector is being installed using the legacy 'setup.py install' method, because it does not have a 'pyproject.toml' and the 'wheel' package is not installed. pip 23.1 will enforce this behaviour change. A possible replacement is to enable the '--use-pep517' option. Discussion can be found at https://github.com/pypa/pip/issues/8559
  Running setup.py install for mysql-connector ... done
Successfully installed mysql-connector-2.2.9

D:\Dina>pip install image hash
Collecting image
  Downloading image-1.5.33.tar.gz (15 kB)
  Preparing metadata (setup.py) ... done
ERROR: Could not find a version that satisfies the requirement hash (from versions: none)
ERROR: No matching distribution found for hash

D:\Dina>pip install imagehash
Collecting imagehash
  Downloading ImageHash-4.3.1-py2.py3-none-any.whl (296 kB)
     ━━━━━━━━━━━━━━━━━━━━━━━━━━━━━━━━━━━━━━━━ 296.5/296.5 kB 1.5 MB/s eta 0:00:00
Collecting scipy
  Downloading scipy-1.10.1-cp310-cp310-win_amd64.whl (42.5 MB)
     ━━━━━━━━━━━━━━━━━━━━━━━━━━━━━━━━━━━━━━━━ 42.5/42.5 MB 4.2 MB/s eta 0:00:00
Collecting numpy
  Downloading numpy-1.24.2-cp310-cp310-win_amd64.whl (14.8 MB)
     ━━━━━━━━━━━━━━━━━━━━━━━━━━━━━━━━━━━━━━━━ 14.8/14.8 MB 5.1 MB/s eta 0:00:00
Collecting PyWavelets
  Downloading PyWavelets-1.4.1-cp310-cp310-win_amd64.whl (4.2 MB)
     ━━━━━━━━━━━━━━━━━━━━━━━━━━━━━━━━━━━━━━━━ 4.2/4.2 MB 4.9 MB/s eta 0:00:00
Collecting pillow
  Downloading Pillow-9.4.0-cp310-cp310-win_amd64.whl (2.5 MB)
     ━━━━━━━━━━━━━━━━━━━━━━━━━━━━━━━━━━━━━━━━ 2.5/2.5 MB 5.1 MB/s eta 0:00:00
Installing collected packages: pillow, numpy, scipy, PyWavelets, imagehash
  WARNING: The script f2py.exe is installed in 'C:\Users\bagan\AppData\Local\Packages\PythonSoftwareFoundation.Python.3.10_qbz5n2kfra8p0\LocalCache\local-packages\Python310\Scripts' which is not on PATH.
  Consider adding this directory to PATH or, if you prefer to suppress this warning, use --no-warn-script-location.
Successfully installed PyWavelets-1.4.1 imagehash-4.3.1 numpy-1.24.2 pillow-9.4.0 scipy-1.10.1

D:\Dina>pip install seaborn
Collecting seaborn
  Downloading seaborn-0.12.2-py3-none-any.whl (293 kB)
     ━━━━━━━━━━━━━━━━━━━━━━━━━━━━━━━━━━━━━━━━ 293.3/293.3 kB 2.3 MB/s eta 0:00:00
Collecting pandas>=0.25
  Downloading pandas-1.5.3-cp310-cp310-win_amd64.whl (10.4 MB)
     ━━━━━━━━━━━━━━━━━━━━━━━━━━━━━━━━━━━━━━━━ 10.4/10.4 MB 4.0 MB/s eta 0:00:00
Requirement already satisfied: numpy!=1.24.0,>=1.17 in c:\users\bagan\appdata\local\packages\pythonsoftwarefoundation.python.3.10_qbz5n2kfra8p0\localcache\local-packages\python310\site-packages (from seaborn) (1.24.2)
Collecting matplotlib!=3.6.1,>=3.1
  Downloading matplotlib-3.7.0-cp310-cp310-win_amd64.whl (7.6 MB)
     ━━━━━━━━━━━━━━━━━━━━━━━━━━━━━━━━━━━━━━━━ 7.6/7.6 MB 4.1 MB/s eta 0:00:00
Collecting kiwisolver>=1.0.1
  Downloading kiwisolver-1.4.4-cp310-cp310-win_amd64.whl (55 kB)
     ━━━━━━━━━━━━━━━━━━━━━━━━━━━━━━━━━━━━━━━━ 55.3/55.3 kB 2.8 MB/s eta 0:00:00
Requirement already satisfied: packaging>=20.0 in c:\users\bagan\appdata\local\packages\pythonsoftwarefoundation.python.3.10_qbz5n2kfra8p0\localcache\local-packages\python310\site-packages (from matplotlib!=3.6.1,>=3.1->seaborn) (21.3)
Requirement already satisfied: pyparsing>=2.3.1 in c:\users\bagan\appdata\local\packages\pythonsoftwarefoundation.python.3.10_qbz5n2kfra8p0\localcache\local-packages\python310\site-packages (from matplotlib!=3.6.1,>=3.1->seaborn) (3.0.6)
Collecting fonttools>=4.22.0
  Downloading fonttools-4.38.0-py3-none-any.whl (965 kB)
     ━━━━━━━━━━━━━━━━━━━━━━━━━━━━━━━━━━━━━━━━ 965.4/965.4 kB 5.1 MB/s eta 0:00:00
Collecting python-dateutil>=2.7
  Downloading python_dateutil-2.8.2-py2.py3-none-any.whl (247 kB)
     ━━━━━━━━━━━━━━━━━━━━━━━━━━━━━━━━━━━━━━━━ 247.7/247.7 kB 3.8 MB/s eta 0:00:00
Collecting cycler>=0.10
  Downloading cycler-0.11.0-py3-none-any.whl (6.4 kB)
Requirement already satisfied: pillow>=6.2.0 in c:\users\bagan\appdata\local\packages\pythonsoftwarefoundation.python.3.10_qbz5n2kfra8p0\localcache\local-packages\python310\site-packages (from matplotlib!=3.6.1,>=3.1->seaborn) (9.4.0)
Collecting contourpy>=1.0.1
  Downloading contourpy-1.0.7-cp310-cp310-win_amd64.whl (162 kB)
     ━━━━━━━━━━━━━━━━━━━━━━━━━━━━━━━━━━━━━━━━ 163.0/163.0 kB 4.8 MB/s eta 0:00:00
Collecting pytz>=2020.1
  Downloading pytz-2022.7.1-py2.py3-none-any.whl (499 kB)
     ━━━━━━━━━━━━━━━━━━━━━━━━━━━━━━━━━━━━━━━━ 499.4/499.4 kB 4.5 MB/s eta 0:00:00
Requirement already satisfied: six>=1.5 in c:\users\bagan\appdata\local\packages\pythonsoftwarefoundation.python.3.10_qbz5n2kfra8p0\localcache\local-packages\python310\site-packages (from python-dateutil>=2.7->matplotlib!=3.6.1,>=3.1->seaborn) (1.16.0)
Installing collected packages: pytz, python-dateutil, kiwisolver, fonttools, cycler, contourpy, pandas, matplotlib, seaborn
  WARNING: The scripts fonttools.exe, pyftmerge.exe, pyftsubset.exe and ttx.exe are installed in 'C:\Users\bagan\AppData\Local\Packages\PythonSoftwareFoundation.Python.3.10_qbz5n2kfra8p0\LocalCache\local-packages\Python310\Scripts' which is not on PATH.
  Consider adding this directory to PATH or, if you prefer to suppress this warning, use --no-warn-script-location.
Successfully installed contourpy-1.0.7 cycler-0.11.0 fonttools-4.38.0 kiwisolver-1.4.4 matplotlib-3.7.0 pandas-1.5.3 python-dateutil-2.8.2 pytz-2022.7.1 seaborn-0.12.2

D:\Dina>pip install scikit-image
Collecting scikit-image
  Downloading scikit_image-0.19.3-cp310-cp310-win_amd64.whl (12.0 MB)
     ━━━━━━━━━━━━━━━━━━━━━━━━━━━━━━━━━━━━━━━━ 12.0/12.0 MB 2.3 MB/s eta 0:00:00
Requirement already satisfied: scipy>=1.4.1 in c:\users\bagan\appdata\local\packages\pythonsoftwarefoundation.python.3.10_qbz5n2kfra8p0\localcache\local-packages\python310\site-packages (from scikit-image) (1.10.1)
Requirement already satisfied: packaging>=20.0 in c:\users\bagan\appdata\local\packages\pythonsoftwarefoundation.python.3.10_qbz5n2kfra8p0\localcache\local-packages\python310\site-packages (from scikit-image) (21.3)
Collecting imageio>=2.4.1
  Downloading imageio-2.26.0-py3-none-any.whl (3.4 MB)
     ━━━━━━━━━━━━━━━━━━━━━━━━━━━━━━━━━━━━━━━━ 3.4/3.4 MB 3.6 MB/s eta 0:00:00
Collecting tifffile>=2019.7.26
  Downloading tifffile-2023.2.27-py3-none-any.whl (216 kB)
     ━━━━━━━━━━━━━━━━━━━━━━━━━━━━━━━━━━━━━━━━ 216.1/216.1 kB 4.4 MB/s eta 0:00:00
Requirement already satisfied: pillow!=7.1.0,!=7.1.1,!=8.3.0,>=6.1.0 in c:\users\bagan\appdata\local\packages\pythonsoftwarefoundation.python.3.10_qbz5n2kfra8p0\localcache\local-packages\python310\site-packages (from scikit-image) (9.4.0)
Requirement already satisfied: numpy>=1.17.0 in c:\users\bagan\appdata\local\packages\pythonsoftwarefoundation.python.3.10_qbz5n2kfra8p0\localcache\local-packages\python310\site-packages (from scikit-image) (1.24.2)
Collecting networkx>=2.2
  Downloading networkx-3.0-py3-none-any.whl (2.0 MB)
     ━━━━━━━━━━━━━━━━━━━━━━━━━━━━━━━━━━━━━━━━ 2.0/2.0 MB 4.2 MB/s eta 0:00:00
Requirement already satisfied: PyWavelets>=1.1.1 in c:\users\bagan\appdata\local\packages\pythonsoftwarefoundation.python.3.10_qbz5n2kfra8p0\localcache\local-packages\python310\site-packages (from scikit-image) (1.4.1)
Requirement already satisfied: pyparsing!=3.0.5,>=2.0.2 in c:\users\bagan\appdata\local\packages\pythonsoftwarefoundation.python.3.10_qbz5n2kfra8p0\localcache\local-packages\python310\site-packages (from packaging>=20.0->scikit-image) (3.0.6)
Installing collected packages: tifffile, networkx, imageio, scikit-image
  WARNING: The scripts lsm2bin.exe, tiff2fsspec.exe, tiffcomment.exe and tifffile.exe are installed in 'C:\Users\bagan\AppData\Local\Packages\PythonSoftwareFoundation.Python.3.10_qbz5n2kfra8p0\LocalCache\local-packages\Python310\Scripts' which is not on PATH.
  Consider adding this directory to PATH or, if you prefer to suppress this warning, use --no-warn-script-location.
  WARNING: The scripts imageio_download_bin.exe and imageio_remove_bin.exe are installed in 'C:\Users\bagan\AppData\Local\Packages\PythonSoftwareFoundation.Python.3.10_qbz5n2kfra8p0\LocalCache\local-packages\Python310\Scripts' which is not on PATH.
  Consider adding this directory to PATH or, if you prefer to suppress this warning, use --no-warn-script-location.
  WARNING: The script skivi.exe is installed in 'C:\Users\bagan\AppData\Local\Packages\PythonSoftwareFoundation.Python.3.10_qbz5n2kfra8p0\LocalCache\local-packages\Python310\Scripts' which is not on PATH.
  Consider adding this directory to PATH or, if you prefer to suppress this warning, use --no-warn-script-location.
Successfully installed imageio-2.26.0 networkx-3.0 scikit-image-0.19.3 tifffile-2023.2.27

D:\Dina>pip install plotly
Collecting plotly
  Downloading plotly-5.13.1-py2.py3-none-any.whl (15.2 MB)
     ━━━━━━━━━━━━━━━━━━━━━━━━━━━━━━━━━━━━━━━━ 15.2/15.2 MB 4.1 MB/s eta 0:00:00
Collecting tenacity>=6.2.0
  Downloading tenacity-8.2.1-py3-none-any.whl (24 kB)
Installing collected packages: tenacity, plotly
Successfully installed plotly-5.13.1 tenacity-8.2.1

D:\Dina>